[19:47:35] [ServerMain/INFO]: Environment: authHost='https://authserver.mojang.com', accountsHost='https://api.mojang.com', sessionHost='https://sessionserver.mojang.com', servicesHost='https://api.minecraftservices.com', name='PROD'
[19:47:37] [ServerMain/INFO]: Loaded 7 recipes
[19:47:37] [ServerMain/INFO]: Loaded 1271 advancements
[19:47:37] [Server thread/INFO]: Starting minecraft server version 1.20.1
[19:47:37] [Server thread/INFO]: Loading properties
[19:47:37] [Server thread/INFO]: Default game type: SURVIVAL
[19:47:37] [Server thread/INFO]: Generating keypair
[19:47:37] [Server thread/INFO]: Starting Minecraft server on *:25565
[19:47:37] [Server thread/INFO]: Using epoll channel type
[19:47:38] [Server thread/WARN]: **** SERVER IS RUNNING IN OFFLINE/INSECURE MODE!
[19:47:38] [Server thread/WARN]: The server will make no attempt to authenticate usernames. Beware.
[19:47:38] [Server thread/WARN]: While this makes the game possible to play without internet access, it also opens up the ability for hackers to connect with any username they choose.
[19:47:38] [Server thread/WARN]: To change this, set "online-mode" to "true" in the server.properties file.
[19:47:38] [Server thread/INFO]: Preparing level "world"
[19:47:40] [Server thread/INFO]: Preparing start region for dimension minecraft:overworld
[19:47:44] [Worker-Main-2/INFO]: Preparing spawn area: 0%
[19:47:44] [Worker-Main-3/INFO]: Preparing spawn area: 0%
[19:47:44] [Worker-Main-3/INFO]: Preparing spawn area: 0%
[19:47:44] [Worker-Main-2/INFO]: Preparing spawn area: 0%
[19:47:44] [Worker-Main-3/INFO]: Preparing spawn area: 0%
[19:47:44] [Worker-Main-2/INFO]: Preparing spawn area: 0%
[19:47:44] [Worker-Main-1/INFO]: Preparing spawn area: 0%
[19:47:44] [Worker-Main-1/INFO]: Preparing spawn area: 0%
[19:47:44] [Worker-Main-1/INFO]: Preparing spawn area: 2%
[19:47:45] [Worker-Main-1/INFO]: Preparing spawn area: 55%
[19:47:45] [Server thread/INFO]: Time elapsed: 4767 ms
[19:47:45] [Server thread/INFO]: Done (7.687s)! For help, type "help"
[19:51:24] [Server thread/INFO]: Unknown or incomplete command, see below for error
[19:51:24] [Server thread/INFO]: <--[HERE]
